Node: v22.23.1
npm: 10.9.8
Commit: b6ce71eaa81ded3e4500dce7bc25e482b9bfbb38

=== npm ci --include=dev ===
npm warn deprecated inflight@1.0.6: This module is not supported, and leaks memory. Do not use it. Check out lru-cache if you want a good and tested way to coalesce async requests by a key value, which is much more comprehensive and powerful.
npm warn deprecated @npmcli/move-file@2.0.1: This functionality has been moved to @npmcli/fs
npm warn deprecated npmlog@6.0.2: This package is no longer supported.
npm warn deprecated lodash.isequal@4.5.0: This package is deprecated. Use require('node:util').isDeepStrictEqual instead.
npm warn deprecated rimraf@3.0.2: Rimraf versions prior to v4 are no longer supported
npm warn deprecated glob@7.2.3: Old versions of glob are not supported, and contain widely publicized security vulnerabilities, which have been fixed in the current version. Please update. Support for old versions may be purchased (at exorbitant rates) by contacting i@izs.me
npm warn deprecated glob@8.1.0: Old versions of glob are not supported, and contain widely publicized security vulnerabilities, which have been fixed in the current version. Please update. Support for old versions may be purchased (at exorbitant rates) by contacting i@izs.me
npm warn deprecated prebuild-install@7.1.3: No longer maintained. Please contact the author of the relevant native addon; alternatives are available.
npm warn deprecated are-we-there-yet@3.0.1: This package is no longer supported.
npm warn deprecated boolean@3.2.0: Package no longer supported. Contact Support at https://www.npmjs.com/support for more info.
npm warn deprecated gauge@4.0.4: This package is no longer supported.
npm warn deprecated tar@6.2.1: Old versions of tar are not supported, and contain widely publicized security vulnerabilities, which have been fixed in the current version. Please update. Support for old versions may be purchased (at exorbitant rates) by contacting i@izs.me
npm warn deprecated glob@10.5.0: Old versions of glob are not supported, and contain widely publicized security vulnerabilities, which have been fixed in the current version. Please update. Support for old versions may be purchased (at exorbitant rates) by contacting i@izs.me

> atlas-canvas@1.0.0 postinstall
> node scripts/postinstall.cjs

  • electron-builder  version=25.1.8
  • loaded configuration  file=package.json ("build" field)
  • executing @electron/rebuild  electronVersion=33.4.11 arch=x64 buildFromSource=false appDir=./
  • installing native dependencies  arch=x64
  • preparing       moduleName=better-sqlite3 arch=x64
  • finished        moduleName=better-sqlite3 arch=x64
  • completed installing native dependencies

added 709 packages, and audited 710 packages in 16s

113 packages are looking for funding
  run `npm fund` for details

26 vulnerabilities (2 low, 21 high, 3 critical)

To address issues that do not require attention, run:
  npm audit fix

To address all issues (including breaking changes), run:
  npm audit fix --force

Run `npm audit` for details.

Install exit code: 0

=== npm run build ===

> atlas-canvas@1.0.0 prebuild
> npm run feature-sync:check


> atlas-canvas@1.0.0 feature-sync:check
> node tools/zcanvas-cli/scripts/generateCreativeCapabilityArtifacts.cjs --check

creative capability artifacts are current (31 actions, 200 runtime entries, 70/70 nodes accounted (61 direct + 1 internal + 8 superseded + 0 public gaps), 4e5abef0f24549f88f44c28e68b1f912fb05320721f0a823e95846bd16606539)

> atlas-canvas@1.0.0 build
> tsc -b && vite build --config vite.config.ts

[36mvite v6.4.2 [32mbuilding for production...[36m[39m
transforming...
[32m✓[39m 2219 modules transformed.
[33mGenerated an empty chunk: "react-vendor".[39m
rendering chunks...
computing gzip size...
[2mdist/[22m[2massets/[22m[32msoccer-ball-v2-cursor-CBo8azNK.png                  [39m[1m[2m    4.59 kB[22m[1m[22m
[2mdist/[22m[2massets/[22m[32mslamdunk-basketball-v2-cursor-IqBP-Art.png          [39m[1m[2m    4.96 kB[22m[1m[22m
[2mdist/[22m[32mindex.html                                                 [39m[1m[2m    5.01 kB[22m[1m[22m[2m │ gzip:   1.70 kB[22m
[2mdist/[22m[2massets/[22m[32msoccer-ball-v2-DsjeQhjR.png                         [39m[1m[2m   20.56 kB[22m[1m[22m
[2mdist/[22m[2massets/[22m[32msoccer-tsubasa-burning-hero-Bo8jI1dQ.mid            [39m[1m[2m   29.33 kB[22m[1m[22m
[2mdist/[22m[2massets/[22m[32msoccer-jersey-tsubasa-v2-w2oQsbh5.png               [39m[1m[2m   64.57 kB[22m[1m[22m
[2mdist/[22m[2massets/[22m[32mshovel-7Sn9sxy7.png                                 [39m[1m[2m   68.18 kB[22m[1m[22m
[2mdist/[22m[2massets/[22m[32mupgrade-leaf-CVMhXi0o.png                           [39m[1m[2m  104.87 kB[22m[1m[22m
[2mdist/[22m[2massets/[22m[32msun-medallion-cLs23zBG.png                          [39m[1m[2m  115.15 kB[22m[1m[22m
[2mdist/[22m[2massets/[22m[32msprinter-Du66M1PC.png                               [39m[1m[2m  124.25 kB[22m[1m[22m
[2mdist/[22m[2massets/[22m[32mstorm-reed-BngOe-fQ.png                             [39m[1m[2m  127.42 kB[22m[1m[22m
[2mdist/[22m[2massets/[22m[32mbucket-guard-D46TdX75.png                           [39m[1m[2m  129.39 kB[22m[1m[22m
[2mdist/[22m[2massets/[22m[32mdrifter-CCiMLrui.png                                [39m[1m[2m  129.41 kB[22m[1m[22m
[2mdist/[22m[2massets/[22m[32mmole-miner-C1l0l0sp.png                             [39m[1m[2m  140.70 kB[22m[1m[22m
[2mdist/[22m[2massets/[22m[32mslamdunk-basketball-v2-BXbbMB1k.png                 [39m[1m[2m  140.83 kB[22m[1m[22m
[2mdist/[22m[2massets/[22m[32mpothead-D2kRESSe.png                                [39m[1m[2m  147.46 kB[22m[1m[22m
[2mdist/[22m[2massets/[22m[32mhealer-clover-C5SwwkN-.png                          [39m[1m[2m  153.10 kB[22m[1m[22m
[2mdist/[22m[2massets/[22m[32member-melon-CpcANveb.png                            [39m[1m[2m  155.78 kB[22m[1m[22m
[2mdist/[22m[2massets/[22m[32mmoth-conductor--cLd4__E.png                         [39m[1m[2m  159.72 kB[22m[1m[22m
[2mdist/[22m[2massets/[22m[32mwall-root-BLWZU2W8.png                              [39m[1m[2m  165.65 kB[22m[1m[22m
[2mdist/[22m[2massets/[22m[32mpause-plate-Dzb_FDeo.png                            [39m[1m[2m  171.26 kB[22m[1m[22m
[2mdist/[22m[2massets/[22m[32msun-bloom-tDJPVoL4.png                              [39m[1m[2m  182.47 kB[22m[1m[22m
[2mdist/[22m[2massets/[22m[32mchrono-mushroom-B8jnomPD.png                        [39m[1m[2m  189.00 kB[22m[1m[22m
[2mdist/[22m[2massets/[22m[32mpea-scout-CG_DkJ60.png                              [39m[1m[2m  189.98 kB[22m[1m[22m
[2mdist/[22m[2massets/[22m[32mfrost-bulb-DKB9EdMm.png                             [39m[1m[2m  193.62 kB[22m[1m[22m
[2mdist/[22m[2massets/[22m[32mslamdunk-jersey-10-BcVlUmr7.png                     [39m[1m[2m  216.39 kB[22m[1m[22m
[2mdist/[22m[2massets/[22m[32mprogress-frame-pzyPdDPj.png                         [39m[1m[2m  220.43 kB[22m[1m[22m
[2mdist/[22m[2massets/[22m[32mseed-packet-DAcAI5QZ.png                            [39m[1m[2m  220.64 kB[22m[1m[22m
[2mdist/[22m[2massets/[22m[32mgatekeeper-CWvxHqQM.png                             [39m[1m[2m  221.21 kB[22m[1m[22m
[2mdist/[22m[2massets/[22m[32mcompost-titan-BOubje6n.png                          [39m[1m[2m  224.58 kB[22m[1m[22m
[2mdist/[22m[2massets/[22m[32mhud-banner-BowSaxfv.png                             [39m[1m[2m  826.00 kB[22m[1m[22m
[2mdist/[22m[2massets/[22m[32myyh-hidden-tonight-C0xjbmZD.mp3                     [39m[1m[2m1,357.21 kB[22m[1m[22m
[2mdist/[22m[2massets/[22m[32mshenron-dragon-BqFTv3oi.png                         [39m[1m[2m1,491.01 kB[22m[1m[22m
[2mdist/[22m[2massets/[22m[32mslamdunk-court-map-BYdSyCku.png                     [39m[1m[2m1,803.95 kB[22m[1m[22m
[2mdist/[22m[2massets/[22m[32mdragonball-makafushigi-adventure-CNXgsmId.mp3       [39m[1m[2m1,860.53 kB[22m[1m[22m
[2mdist/[22m[2massets/[22m[32mop-straw-hat-BAAEjmxC.png                           [39m[1m[2m2,033.42 kB[22m[1m[22m
[2mdist/[22m[2massets/[22m[32mrh-tide-CE0_ycUd.mp3                                [39m[1m[2m2,066.49 kB[22m[1m[22m
[2mdist/[22m[2massets/[22m[32myyh-unbalanced-kiss-piano-CWQ77jkc.mp3              [39m[1m[2m2,072.14 kB[22m[1m[22m
[2mdist/[22m[2massets/[22m[32mnaruto-shinsei-gyakuten-CPxkg7tx.mp3                [39m[1m[2m2,410.36 kB[22m[1m[22m
[2mdist/[22m[2massets/[22m[32meva-decisive-battle-BIwDR4x5.mp3                    [39m[1m[2m2,425.20 kB[22m[1m[22m
[2mdist/[22m[2massets/[22m[32mrh-hidden-saya-BGE_x9SW.mp3                         [39m[1m[2m2,574.37 kB[22m[1m[22m
[2mdist/[22m[2massets/[22m[32mgarden-battlefield-eYrrn_qD.png                     [39m[1m[2m2,731.58 kB[22m[1m[22m
[2mdist/[22m[2massets/[22m[32mop-battle-scars-DKV_5obr.mp3                        [39m[1m[2m3,845.27 kB[22m[1m[22m
[2mdist/[22m[2massets/[22m[32mslamdunk-kimi-ga-suki-CBf0x6qR.mp3                  [39m[1m[2m3,867.17 kB[22m[1m[22m
[2mdist/[22m[2massets/[22m[32mpixel-theme-of-sss-5D8_WcXq.mp3                     [39m[1m[2m4,522.36 kB[22m[1m[22m
[2mdist/[22m[2massets/[22m[32msaint-seiya-pegasus-fantasy-Sa_43fzW.mp3            [39m[1m[2m5,085.64 kB[22m[1m[22m
[2mdist/[22m[2massets/[22m[32mgarden-defense-grasswalk-CohDQHb8.mp3               [39m[1m[2m5,682.20 kB[22m[1m[22m
[2mdist/[22m[2massets/[22m[32mtetris-korobeiniki-DEt8XMqt.mp3                     [39m[1m[2m5,722.95 kB[22m[1m[22m
[2mdist/[22m[2massets/[22m[32msaint-seiya-hades-last-holy-war-6Higbxot.mp3        [39m[1m[2m7,962.17 kB[22m[1m[22m
[2mdist/[22m[2massets/[22m[32mclassic-one-summer-day-D4os6JYk.mp3                 [39m[1m[2m8,002.92 kB[22m[1m[22m
[2mdist/[22m[2massets/[22m[32mdragonball-shenron-cha-la-head-cha-la-Ci4NuEIL.mp3  [39m[1m[2m8,042.62 kB[22m[1m[22m
[2mdist/[22m[2massets/[22m[35mCanvas-CGLgFve7.css                                 [39m[1m[2m    7.35 kB[22m[1m[22m[2m │ gzip:   1.60 kB[22m
[2mdist/[22m[2massets/[22m[35mcanvasEntityIdentity-BZV40eAE.css                   [39m[1m[2m   15.85 kB[22m[1m[22m[2m │ gzip:   2.66 kB[22m
[2mdist/[22m[2massets/[22m[35mindex-CpawUe8_.css                                  [39m[1m[2m2,008.01 kB[22m[1m[22m[2m │ gzip: 243.99 kB[22m
[2mdist/[22m[2massets/[22m[36mreact-vendor-l0sNRNKZ.js                            [39m[1m[2m    0.00 kB[22m[1m[22m[2m │ gzip:   0.02 kB[22m
[2mdist/[22m[2massets/[22m[36mmusicAutoplay-CRqTyvXM.js                           [39m[1m[2m    0.28 kB[22m[1m[22m[2m │ gzip:   0.22 kB[22m
[2mdist/[22m[2massets/[22m[36mrunningHubResolvedSite-CJjO0ia5.js                  [39m[1m[2m    0.32 kB[22m[1m[22m[2m │ gzip:   0.21 kB[22m
[2mdist/[22m[2massets/[22m[36museHasAutoOutput-NHhyhxkV.js                        [39m[1m[2m    0.33 kB[22m[1m[22m[2m │ gzip:   0.25 kB[22m
[2mdist/[22m[2massets/[22m[36mmaterialExclusion-DdZ1-Sqw.js                       [39m[1m[2m    0.55 kB[22m[1m[22m[2m │ gzip:   0.31 kB[22m
[2mdist/[22m[2massets/[22m[36mjimengCli-COKepfCd.js                               [39m[1m[2m    0.58 kB[22m[1m[22m[2m │ gzip:   0.38 kB[22m
[2mdist/[22m[2massets/[22m[36museMaterialDropTarget-_wNfghzq.js                   [39m[1m[2m    0.67 kB[22m[1m[22m[2m │ gzip:   0.43 kB[22m
[2mdist/[22m[2massets/[22m[36mllm-Dvys7PKm.js                                     [39m[1m[2m    0.69 kB[22m[1m[22m[2m │ gzip:   0.32 kB[22m
[2mdist/[22m[2massets/[22m[36mResizableCorners-BtpqCliN.js                        [39m[1m[2m    0.73 kB[22m[1m[22m[2m │ gzip:   0.43 kB[22m
[2mdist/[22m[2massets/[22m[36mtopaz-DUBeyszg.js                                   [39m[1m[2m    0.92 kB[22m[1m[22m[2m │ gzip:   0.58 kB[22m
[2mdist/[22m[2massets/[22m[36mLoopingVideo-CdpI-dl2.js                            [39m[1m[2m    0.94 kB[22m[1m[22m[2m │ gzip:   0.58 kB[22m
[2mdist/[22m[2massets/[22m[36mseedance-VJoC0LJK.js                                [39m[1m[2m    0.96 kB[22m[1m[22m[2m │ gzip:   0.45 kB[22m
[2mdist/[22m[2massets/[22m[36mRemoveBgNode-SWWLqR9p.js                            [39m[1m[2m    1.06 kB[22m[1m[22m[2m │ gzip:   0.75 kB[22m
[2mdist/[22m[2massets/[22m[36museUpdateNodeData-V3SoSPW4.js                       [39m[1m[2m    1.28 kB[22m[1m[22m[2m │ gzip:   0.80 kB[22m
[2mdist/[22m[2massets/[22m[36mUpscaleNode-Dl8FgvgS.js                             [39m[1m[2m    1.33 kB[22m[1m[22m[2m │ gzip:   0.82 kB[22m
[2mdist/[22m[2massets/[22m[36mcanvasEntityIdentity-FOSdVup-.js                    [39m[1m[2m    1.38 kB[22m[1m[22m[2m │ gzip:   0.78 kB[22m
[2mdist/[22m[2massets/[22m[36mrhImageEditorCutout-B-SV-FOT.js                     [39m[1m[2m    1.46 kB[22m[1m[22m[2m │ gzip:   0.76 kB[22m
[2mdist/[22m[2massets/[22m[36mvideoOps-B1pzaSAd.js                                [39m[1m[2m    1.52 kB[22m[1m[22m[2m │ gzip:   0.86 kB[22m
[2mdist/[22m[2massets/[22m[36mCollectionSplitButton-09fJNmUV.js                   [39m[1m[2m    1.82 kB[22m[1m[22m[2m │ gzip:   0.89 kB[22m
[2mdist/[22m[2massets/[22m[36mreuseGenerationResult-DlRxSOQU.js                   [39m[1m[2m    1.89 kB[22m[1m[22m[2m │ gzip:   1.03 kB[22m
[2mdist/[22m[2massets/[22m[36mIdeaNode-C5OKb1hS.js                                [39m[1m[2m    2.24 kB[22m[1m[22m[2m │ gzip:   1.11 kB[22m
[2mdist/[22m[2massets/[22m[36mVideoOutputNode-C-ppG7C8.js                         [39m[1m[2m    2.35 kB[22m[1m[22m[2m │ gzip:   1.16 kB[22m
[2mdist/[22m[2massets/[22m[36mResizeNode-D_nQsmFt.js                              [39m[1m[2m    2.37 kB[22m[1m[22m[2m │ gzip:   1.11 kB[22m
[2mdist/[22m[2massets/[22m[36mImageHoverPreview-DTAbG8r1.js                       [39m[1m[2m    2.44 kB[22m[1m[22m[2m │ gzip:   1.16 kB[22m
[2mdist/[22m[2massets/[22m[36mreadableStudioPalette-WhjMVVM_.js                   [39m[1m[2m    2.44 kB[22m[1m[22m[2m │ gzip:   1.01 kB[22m
[2mdist/[22m[2massets/[22m[36msendMaterials-CIxgyMAD.js                           [39m[1m[2m    2.74 kB[22m[1m[22m[2m │ gzip:   1.29 kB[22m
[2mdist/[22m[2massets/[22m[36mPortraitMetadataNode-Dr7BfJrG.js                    [39m[1m[2m    2.75 kB[22m[1m[22m[2m │ gzip:   1.42 kB[22m
[2mdist/[22m[2massets/[22m[36mcomfyuiAppManifest-DNQVo8_l.js                      [39m[1m[2m    2.85 kB[22m[1m[22m[2m │ gzip:   1.30 kB[22m
[2mdist/[22m[2massets/[22m[36mBpNode-DRDCvokG.js                                  [39m[1m[2m    2.97 kB[22m[1m[22m[2m │ gzip:   1.42 kB[22m
[2mdist/[22m[2massets/[22m[36mBrowserNode-Bz4IyGtX.js                             [39m[1m[2m    3.25 kB[22m[1m[22m[2m │ gzip:   1.53 kB[22m
[2mdist/[22m[2massets/[22m[36mcodexCli-BPZcaw0D.js                                [39m[1m[2m    3.70 kB[22m[1m[22m[2m │ gzip:   1.66 kB[22m
[2mdist/[22m[2massets/[22m[36mImageOpFrame-iqL4E7Vh.js                            [39m[1m[2m    3.74 kB[22m[1m[22m[2m │ gzip:   1.83 kB[22m
[2mdist/[22m[2massets/[22m[36mtextSplit-CJqW7oZV.js                               [39m[1m[2m    3.74 kB[22m[1m[22m[2m │ gzip:   1.82 kB[22m
[2mdist/[22m[2massets/[22m[36mrhToolboxCapabilities-gxOaZhqX.js                   [39m[1m[2m    3.80 kB[22m[1m[22m[2m │ gzip:   1.64 kB[22m
[2mdist/[22m[2massets/[22m[36mCombineNode-rg1ActwQ.js                             [39m[1m[2m    3.88 kB[22m[1m[22m[2m │ gzip:   1.82 kB[22m
[2mdist/[22m[2massets/[22m[36mimageOps-bh82nHPW.js                                [39m[1m[2m    3.96 kB[22m[1m[22m[2m │ gzip:   1.44 kB[22m
[2mdist/[22m[2massets/[22m[36museImageLongEdgeOutputs-kkXBUXK6.js                 [39m[1m[2m    4.01 kB[22m[1m[22m[2m │ gzip:   2.03 kB[22m
[2mdist/[22m[2massets/[22m[36mPromptTextarea-CbvCvNCO.js                          [39m[1m[2m    4.02 kB[22m[1m[22m[2m │ gzip:   1.81 kB[22m
[2mdist/[22m[2massets/[22m[36mStoryboardGridNode-DlOXsiz2.js                      [39m[1m[2m    4.34 kB[22m[1m[22m[2m │ gzip:   1.98 kB[22m
[2mdist/[22m[2massets/[22m[36mRelayNode-Yqg-Ys4M.js                               [39m[1m[2m    4.89 kB[22m[1m[22m[2m │ gzip:   1.93 kB[22m
[2mdist/[22m[2massets/[22m[36mTextNode-CyXr7c-N.js                                [39m[1m[2m    5.03 kB[22m[1m[22m[2m │ gzip:   2.34 kB[22m
[2mdist/[22m[2massets/[22m[36mJimengCliHelpButton-BlzlRHVp.js                     [39m[1m[2m    5.46 kB[22m[1m[22m[2m │ gzip:   2.30 kB[22m
[2mdist/[22m[2massets/[22m[36mFrameExtractorNode-Deguue5M.js                      [39m[1m[2m    5.53 kB[22m[1m[22m[2m │ gzip:   2.58 kB[22m
[2mdist/[22m[2massets/[22m[36mPresetImageNode-BJhWUngZ.js                         [39m[1m[2m    5.72 kB[22m[1m[22m[2m │ gzip:   2.65 kB[22m
[2mdist/[22m[2massets/[22m[36mbatchProcessor-DXnNH2RC.js                          [39m[1m[2m    5.92 kB[22m[1m[22m[2m │ gzip:   2.30 kB[22m
[2mdist/[22m[2massets/[22m[36mRhConfigNode-D089iwF6.js                            [39m[1m[2m    6.95 kB[22m[1m[22m[2m │ gzip:   2.53 kB[22m
[2mdist/[22m[2massets/[22m[36mAssetModel3DPreview-CtVLURZ4.js                     [39m[1m[2m    7.22 kB[22m[1m[22m[2m │ gzip:   3.78 kB[22m
[2mdist/[22m[2massets/[22m[36mVibeXNode-DyWMyEQK.js                               [39m[1m[2m    7.39 kB[22m[1m[22m[2m │ gzip:   2.84 kB[22m
[2mdist/[22m[2massets/[22m[36mGenerationTargetNode-CnLXAGBp.js                    [39m[1m[2m    7.58 kB[22m[1m[22m[2m │ gzip:   3.11 kB[22m
[2mdist/[22m[2massets/[22m[36mImageCompareNode-op0Y3rB7.js                        [39m[1m[2m    8.10 kB[22m[1m[22m[2m │ gzip:   3.17 kB[22m
[2mdist/[22m[2massets/[22m[36mfeishuBitable-DHpw1iGV.js                           [39m[1m[2m    8.54 kB[22m[1m[22m[2m │ gzip:   3.33 kB[22m
[2mdist/[22m[2massets/[22m[36mImageCompareStage-CWDRoN4y.js                       [39m[1m[2m    8.71 kB[22m[1m[22m[2m │ gzip:   3.51 kB[22m
[2mdist/[22m[2massets/[22m[36mPickFromSetNode-BQumFnZ5.js                         [39m[1m[2m    9.17 kB[22m[1m[22m[2m │ gzip:   3.08 kB[22m
[2mdist/[22m[2massets/[22m[36mFramePairNode-BMbY24vS.js                           [39m[1m[2m    9.39 kB[22m[1m[22m[2m │ gzip:   3.41 kB[22m
[2mdist/[22m[2massets/[22m[36mSubflowNode-Bna_Vpjy.js                             [39m[1m[2m    9.83 kB[22m[1m[22m[2m │ gzip:   3.95 kB[22m
[2mdist/[22m[2massets/[22m[36museUpstreamMaterials-CeTCdLay.js                    [39m[1m[2m    9.86 kB[22m[1m[22m[2m │ gzip:   3.51 kB[22m
[2mdist/[22m[2massets/[22m[36mTopazImageUpscaleNode-B5qreLzj.js                   [39m[1m[2m    9.87 kB[22m[1m[22m[2m │ gzip:   3.85 kB[22m
[2mdist/[22m[2massets/[22m[36madvancedProviders-N59OpUtr.js                       [39m[1m[2m   10.14 kB[22m[1m[22m[2m │ gzip:   3.87 kB[22m
[2mdist/[22m[2massets/[22m[36mMaterialPreviewSection-DMhVHdBM.js                  [39m[1m[2m   10.28 kB[22m[1m[22m[2m │ gzip:   3.81 kB[22m
[2mdist/[22m[2massets/[22m[36mGroupBoxNode-kmE-Rr1U.js                            [39m[1m[2m   10.40 kB[22m[1m[22m[2m │ gzip:   3.95 kB[22m
[2mdist/[22m[2massets/[22m[36mGridCropNode-Bod0xFqm.js                            [39m[1m[2m   10.85 kB[22m[1m[22m[2m │ gzip:   4.14 kB[22m
[2mdist/[22m[2massets/[22m[36mTopazVideoUpscaleNode-Yz8PAAWE.js                   [39m[1m[2m   11.33 kB[22m[1m[22m[2m │ gzip:   4.22 kB[22m
[2mdist/[22m[2massets/[22m[36mSTLLoader-BMlYwbvM.js                               [39m[1m[2m   11.76 kB[22m[1m[22m[2m │ gzip:   4.05 kB[22m
[2mdist/[22m[2massets/[22m[36mFeishuBitableInputNode-Bc0FdCIy.js                  [39m[1m[2m   12.12 kB[22m[1m[22m[2m │ gzip:   4.04 kB[22m
[2mdist/[22m[2massets/[22m[36mRandomRouteNode-B_MrLRQo.js                         [39m[1m[2m   12.97 kB[22m[1m[22m[2m │ gzip:   4.64 kB[22m
[2mdist/[22m[2massets/[22m[36mcomfyuiApps-BFdip6xW.js                             [39m[1m[2m   14.44 kB[22m[1m[22m[2m │ gzip:   5.08 kB[22m
[2mdist/[22m[2massets/[22m[36mComfyUIAppMakerNode-Dg4D9Lkp.js                     [39m[1m[2m   14.46 kB[22m[1m[22m[2m │ gzip:   5.21 kB[22m
[2mdist/[22m[2massets/[22m[36mFeishuBitableOutputNode-quVQNs6o.js                 [39m[1m[2m   14.76 kB[22m[1m[22m[2m │ gzip:   4.83 kB[22m
[2mdist/[22m[2massets/[22m[36mMaterialSetNode-g9k8D8qO.js                         [39m[1m[2m   16.87 kB[22m[1m[22m[2m │ gzip:   6.40 kB[22m
[2mdist/[22m[2massets/[22m[36museRunTrigger-BGFgC_CS.js                           [39m[1m[2m   17.29 kB[22m[1m[22m[2m │ gzip:   6.52 kB[22m
[2mdist/[22m[2massets/[22m[36mgeneration-BK6kG-jR.js                              [39m[1m[2m   18.34 kB[22m[1m[22m[2m │ gzip:   4.73 kB[22m
[2mdist/[22m[2massets/[22m[36mrhToolbox-DEsbs1eH.js                               [39m[1m[2m   18.75 kB[22m[1m[22m[2m │ gzip:   4.89 kB[22m
[2mdist/[22m[2massets/[22m[36mcomfyuiWorkflow-D960JdJ4.js                         [39m[1m[2m   18.96 kB[22m[1m[22m[2m │ gzip:   6.80 kB[22m
[2mdist/[22m[2massets/[22m[36mRemoveAiWatermarkNode-C44P3tog.js                   [39m[1m[2m   19.57 kB[22m[1m[22m[2m │ gzip:   6.86 kB[22m
[2mdist/[22m[2massets/[22m[36mOrbitControls-WUX-Aisx.js                           [39m[1m[2m   19.79 kB[22m[1m[22m[2m │ gzip:   4.48 kB[22m
[2mdist/[22m[2massets/[22m[36mComfyUIStoreNode-DH2rp2Rr.js                        [39m[1m[2m   21.99 kB[22m[1m[22m[2m │ gzip:   7.55 kB[22m
[2mdist/[22m[2massets/[22m[36mTextSplitNode-j1ZLKIxJ.js                           [39m[1m[2m   22.46 kB[22m[1m[22m[2m │ gzip:   7.94 kB[22m
[2mdist/[22m[2massets/[22m[36mThemeTemplateManager-Cyl9n5yD.js                    [39m[1m[2m   24.12 kB[22m[1m[22m[2m │ gzip:   7.85 kB[22m
[2mdist/[22m[2massets/[22m[36mLoopNode-D6SyyZjg.js                                [39m[1m[2m   25.18 kB[22m[1m[22m[2m │ gzip:   8.57 kB[22m
[2mdist/[22m[2massets/[22m[36mGridEditorNode-ChfUzNJh.js                          [39m[1m[2m   25.85 kB[22m[1m[22m[2m │ gzip:   8.56 kB[22m
[2mdist/[22m[2massets/[22m[36mResourceLibraryDrawer-DTeDCBZi.js                   [39m[1m[2m   27.81 kB[22m[1m[22m[2m │ gzip:   8.64 kB[22m
[2mdist/[22m[2massets/[22m[36mRunningHubNode-D_PlijJg.js                          [39m[1m[2m   28.70 kB[22m[1m[22m[2m │ gzip:   9.70 kB[22m
[2mdist/[22m[2massets/[22m[36mSeedanceNode-BO4h1spi.js                            [39m[1m[2m   28.70 kB[22m[1m[22m[2m │ gzip:   8.93 kB[22m
[2mdist/[22m[2massets/[22m[36mRHToolboxNode-DyzoXo5u.js                           [39m[1m[2m   29.14 kB[22m[1m[22m[2m │ gzip:   9.71 kB[22m
[2mdist/[22m[2massets/[22m[36mUploadNode-M61wmEhd.js                              [39m[1m[2m   29.88 kB[22m[1m[22m[2m │ gzip:  10.57 kB[22m
[2mdist/[22m[2massets/[22m[36mBatchProcessorNode-DCViM_pS.js                      [39m[1m[2m   30.70 kB[22m[1m[22m[2m │ gzip:   8.84 kB[22m
[2mdist/[22m[2massets/[22m[36mAggregateParserNode-B-KbqjUN.js                     [39m[1m[2m   32.20 kB[22m[1m[22m[2m │ gzip:  10.51 kB[22m
[2mdist/[22m[2massets/[22m[36mLLMNode-CVftQz1S.js                                 [39m[1m[2m   32.64 kB[22m[1m[22m[2m │ gzip:  10.39 kB[22m
[2mdist/[22m[2massets/[22m[36mPromptTemplateLibraryModal-DINvZboD.js              [39m[1m[2m   33.46 kB[22m[1m[22m[2m │ gzip:  10.13 kB[22m
[2mdist/[22m[2massets/[22m[36mBatchTaggerNode-DY51fnOa.js                         [39m[1m[2m   35.06 kB[22m[1m[22m[2m │ gzip:  11.05 kB[22m
[2mdist/[22m[2massets/[22m[36mOutputNode-BKvDTykq.js                              [39m[1m[2m   45.34 kB[22m[1m[22m[2m │ gzip:  14.13 kB[22m
[2mdist/[22m[2massets/[22m[36mGLTFLoader-Dg703Yfu.js                              [39m[1m[2m   45.60 kB[22m[1m[22m[2m │ gzip:  13.71 kB[22m
[2mdist/[22m[2massets/[22m[36mAudioNode-B19zCTPU.js                               [39m[1m[2m   46.30 kB[22m[1m[22m[2m │ gzip:  12.20 kB[22m
[2mdist/[22m[2massets/[22m[36mAnimeTagMasterNode-B8bLXytF.js                      [39m[1m[2m   47.15 kB[22m[1m[22m[2m │ gzip:  14.91 kB[22m
[2mdist/[22m[2massets/[22m[36mPortraitMasterNode-8PxHoOmd.js                      [39m[1m[2m   50.87 kB[22m[1m[22m[2m │ gzip:  15.47 kB[22m
[2mdist/[22m[2massets/[22m[36mRHToolsNode-DobiBgBs.js                             [39m[1m[2m   53.12 kB[22m[1m[22m[2m │ gzip:  19.21 kB[22m
[2mdist/[22m[2massets/[22m[36mCodexImageConjureNode-BopEr89D.js                   [39m[1m[2m   55.03 kB[22m[1m[22m[2m │ gzip:  16.69 kB[22m
[2mdist/[22m[2massets/[22m[36mImageEditModal-8ltGHPtR.js                          [39m[1m[2m   60.57 kB[22m[1m[22m[2m │ gzip:  18.35 kB[22m
[2mdist/[22m[2massets/[22m[36mFaceExpression3DNode-BYNDjzG5.js                    [39m[1m[2m   65.13 kB[22m[1m[22m[2m │ gzip:  20.39 kB[22m
[2mdist/[22m[2massets/[22m[36mDrawingBoardNode-B69a_KG_.js                        [39m[1m[2m   69.15 kB[22m[1m[22m[2m │ gzip:  20.19 kB[22m
[2mdist/[22m[2massets/[22m[36mVideoNode-Co4ZFJDS.js                               [39m[1m[2m   75.08 kB[22m[1m[22m[2m │ gzip:  17.99 kB[22m
[2mdist/[22m[2massets/[22m[36mDirectorStoryboardNode-DuuMhPgD.js                  [39m[1m[2m   75.31 kB[22m[1m[22m[2m │ gzip:  19.54 kB[22m
[2mdist/[22m[2massets/[22m[36mPoseMasterNode-rnxEXpmC.js                          [39m[1m[2m   82.21 kB[22m[1m[22m[2m │ gzip:  26.44 kB[22m
[2mdist/[22m[2massets/[22m[36mFalToolboxNode-B7dyVlpx.js                          [39m[1m[2m   82.74 kB[22m[1m[22m[2m │ gzip:  21.74 kB[22m
[2mdist/[22m[2massets/[22m[36mApiSettings-BY-W_-w8.js                             [39m[1m[2m   87.76 kB[22m[1m[22m[2m │ gzip:  23.62 kB[22m
[2mdist/[22m[2massets/[22m[36mMentionPromptInput-NaDH-qPM.js                      [39m[1m[2m   90.89 kB[22m[1m[22m[2m │ gzip:  34.56 kB[22m
[2mdist/[22m[2massets/[22m[36mGrokOAuthAgentNode-D5GdHgy7.js                      [39m[1m[2m   98.79 kB[22m[1m[22m[2m │ gzip:  28.90 kB[22m
[2mdist/[22m[2massets/[22m[36mImageNode-CTf3XiDS.js                               [39m[1m[2m  102.25 kB[22m[1m[22m[2m │ gzip:  24.88 kB[22m
[2mdist/[22m[2massets/[22m[36mCodexCliAgentNode-CbB5dZ6U.js                       [39m[1m[2m  118.25 kB[22m[1m[22m[2m │ gzip:  32.14 kB[22m
[2mdist/[22m[2massets/[22m[36mvision_bundle-DzlAvxTq.js                           [39m[1m[2m  126.09 kB[22m[1m[22m[2m │ gzip:  38.35 kB[22m
[2mdist/[22m[2massets/[22m[36mStoryNode-BNSdZBJx.js                               [39m[1m[2m  129.77 kB[22m[1m[22m[2m │ gzip:  37.26 kB[22m
[2mdist/[22m[2massets/[22m[36mModel3DPreviewNode-BNPjx_Qi.js                      [39m[1m[2m  131.93 kB[22m[1m[22m[2m │ gzip:  42.13 kB[22m
[2mdist/[22m[2massets/[22m[36mToolboxParamNode-CIS4PzQE.js                        [39m[1m[2m  149.32 kB[22m[1m[22m[2m │ gzip:  45.17 kB[22m
[2mdist/[22m[2massets/[22m[36mxyflow-C9wrDqne.js                                  [39m[1m[2m  195.74 kB[22m[1m[22m[2m │ gzip:  63.99 kB[22m
[2mdist/[22m[2massets/[22m[36mVideoEditNode-PfGiyQkN.js                           [39m[1m[2m  254.11 kB[22m[1m[22m[2m │ gzip:  58.75 kB[22m
[2mdist/[22m[2massets/[22m[36mArtistStyleMasterNode-BqlLFgpp.js                   [39m[1m[2m  255.04 kB[22m[1m[22m[2m │ gzip:  30.19 kB[22m
[2mdist/[22m[2massets/[22m[36mPanorama3DNode-D31PnVgY.js                          [39m[1m[2m  258.27 kB[22m[1m[22m[2m │ gzip:  67.31 kB[22m
[2mdist/[22m[2massets/[22m[36mCollaborationWorkspace-PtGAqm_Q.js                  [39m[1m[2m  378.68 kB[22m[1m[22m[2m │ gzip: 107.02 kB[22m
[2mdist/[22m[2massets/[22m[36mthree.module-BTt32e3U.js                            [39m[1m[33m  732.83 kB[39m[22m[2m │ gzip: 189.32 kB[22m
[2mdist/[22m[2massets/[22m[36mGardenDefenseStage-k6FUpjde.js                      [39m[1m[33m1,494.11 kB[39m[22m[2m │ gzip: 344.14 kB[22m
[2mdist/[22m[2massets/[22m[36mindex-bSTrg_j3.js                                   [39m[1m[33m1,700.43 kB[39m[22m[2m │ gzip: 425.45 kB[22m
[2mdist/[22m[2massets/[22m[36mCanvas-BMqYJ_Zp.js                                  [39m[1m[33m1,715.65 kB[39m[22m[2m │ gzip: 488.83 kB[22m
[33m
(!) Some chunks are larger than 500 kB after minification. Consider:
- Using dynamic import() to code-split the application
- Use build.rollupOptions.output.manualChunks to improve chunking: https://rollupjs.org/configuration-options/#output-manualchunks
- Adjust chunk size limit for this warning via build.chunkSizeWarningLimit.[39m
[32m✓ built in 23.78s[39m

Build exit code: 0
